[38;5;040m&&&&&&&&&&&    ##############   &&&&&&&&&&&&   ###############    &&&&&&&&&&&
  &&&&&&&&&&&    ##########   &&&&&&&&&&&&&&&&   ###########    &&&&&&&&&&&
    &&&&&&&&&&&    ######    &&&&&&&&&&&&&&&&&&&   #######    &&&&&&&&&&&
      &&&&&&&&&&&    ###   &&&&&&&&&&  &&&&&&&&&&&   ###    &&&&&&&&&&&
        &&&&&&&&&&&      &&&&&&&&&&      &&&&&&&&&&&      &&&&&&&&&&&
          &&&&&&&&&&&  &&&&&&&&&&&   ###   &&&&&&&&&&&  &&&&&&&&&&&
            &&&&&&&&&&&&&&&&&&&&   #######   &&&&&&&&&&&&&&&&&&&&              
              &&&&&&&&&&&&&&&&   ###########   &&&&&&&&&&&&&&&&
                &&&&&&&&&&&&    #############    &&&&&&&&&&&&